../Drivers/CMSIS/Include/core_cm7.h:2606:26:ITM_SendChar	16	static,ignoring_inline_asm
../Core/Src/main.c:59:6:vAssertCalled	24	static,ignoring_inline_asm
../Core/Src/main.c:94:5:main	40	static
../Core/Src/main.c:157:6:SystemClock_Config	88	static
../Core/Src/main.c:205:13:MX_USART1_UART_Init	8	static
../Core/Src/main.c:240:13:MX_GPIO_Init	72	static
../Core/Src/main.c:725:13:task1_handler	16	static
../Core/Src/main.c:730:13:task2_handler	16	static
../Core/Src/main.c:745:6:HAL_TIM_PeriodElapsedCallback	16	static
../Core/Src/main.c:762:6:Error_Handler	4	static,ignoring_inline_asm
